// Jest Snapshot v1, https://goo.gl/fbAQLP

exports[`rockets list renders properly 1`] = `
<div
  className="rocket-table"
>
  <h2>
    My Rockets
  </h2>
  <table
    className="table table-bordered"
  >
    <tbody />
  </table>
</div>
`;
